0,0.006*learning + 0.004*architecture + 0.004*system + 0.003*robot + 0.003*results + 0.002*social + 0.002*model + 0.002*systems + 0.002*control + 0.002*different,
1,0.005*human + 0.005*robot + 0.004*architecture + 0.004*control + 0.003*system + 0.003*design + 0.003*robotic + 0.003*models + 0.002*results + 0.002*robots,
2,0.004*control + 0.004*architecture + 0.003*robot + 0.003*network + 0.003*systems + 0.003*neural + 0.003*real + 0.002*building + 0.002*system + 0.002*research,
3,0.005*architecture + 0.004*robot + 0.004*system + 0.003*human + 0.003*model + 0.003*control + 0.002*results + 0.002*robotic + 0.002*low + 0.002*requires,
4,0.002*devices + 0.002*sensitive + 0.002*reveal + 0.002*angles + 0.002*sliding + 0.002*concepts + 0.002*thumb + 0.002*perform + 0.002*robotic + 0.002*segments,
5,0.004*control + 0.003*environment + 0.003*model + 0.002*adequate + 0.002*assumed + 0.002*trained + 0.002*different + 0.002*standard + 0.002*linear + 0.002*performance,
6,0.004*robot + 0.003*concepts + 0.002*people + 0.002*capable + 0.002*article + 0.002*category + 0.002*architecture + 0.002*impaired + 0.002*cow + 0.002*environment,
7,0.004*robots + 0.002*encountered + 0.002*industrial + 0.002*design + 0.002*rescue + 0.002*neurovascular + 0.002*master + 0.002*systems + 0.002*disturbances + 0.002*popular,
8,0.003*dense + 0.003*periodic + 0.003*detection + 0.002*localization + 0.002*neural + 0.002*interesting + 0.002*system + 0.002*images + 0.002*presence + 0.002*desired,
9,0.003*robot + 0.002*mirror + 0.002*engines + 0.002*promising + 0.002*guide + 0.002*brain + 0.002*sizes + 0.002*standardized + 0.002*introduces + 0.002*urban,
10,0.003*delegation + 0.002*orthosis + 0.002*package + 0.002*explain + 0.002*system + 0.002*clinical + 0.002*hold + 0.002*mesoscale + 0.002*architecture + 0.002*data,
11,0.003*selective + 0.002*lobule + 0.002*generating + 0.002*temporal + 0.002*meaningful + 0.002*cell + 0.002*adaptable + 0.002*issue + 0.002*modulated + 0.002*eye,
12,0.002*robot + 0.002*system + 0.002*automatic + 0.002*directions + 0.002*undergoing + 0.002*rich + 0.002*robchair + 0.002*patients + 0.002*architecture + 0.002*epiduroscopic,
13,0.003*comparing + 0.003*force + 0.002*sensor + 0.002*graphical + 0.002*forces + 0.002*hypoxic + 0.002*software + 0.002*rehabilitation + 0.002*transitions + 0.002*extreme,
14,0.003*agricultural + 0.002*data + 0.002*field + 0.002*nanoscale + 0.002*plant + 0.002*resolution + 0.002*architecture + 0.002*microtissues + 0.002*estimation + 0.002*international,
15,0.003*environment + 0.003*global + 0.003*basic + 0.002*limitations + 0.002*walls + 0.002*industrial + 0.002*area + 0.002*different + 0.002*keep + 0.002*fact,
16,0.003*architecture + 0.003*encouraging + 0.002*implementations + 0.002*network + 0.002*conclusions + 0.002*combined + 0.002*nerve + 0.002*concept + 0.002*recovery + 0.002*real,
17,0.003*smart + 0.003*exposure + 0.003*properties + 0.002*auto + 0.002*means + 0.002*transport + 0.002*level + 0.002*phenotyping + 0.002*comparative + 0.002*high,
18,0.003*design + 0.003*force + 0.002*optimized + 0.002*grid + 0.002*mammalian + 0.002*robots + 0.002*foundation + 0.002*separation + 0.002*processing + 0.002*robot,
19,0.003*cumulative + 0.003*reactor + 0.003*system + 0.002*control + 0.002*actuated + 0.002*ccd + 0.002*promising + 0.002*operator + 0.002*positioning + 0.002*method,
20,0.003*regulation + 0.003*biomimetic + 0.003*third + 0.002*constraint + 0.002*dense + 0.002*lobule + 0.002*electrophysiological + 0.002*compliance + 0.002*http + 0.002*interpret,
21,0.003*temporal + 0.002*plays + 0.002*accessible + 0.002*control + 0.002*effects + 0.002*situation + 0.002*guided + 0.002*constructed + 0.002*correlated + 0.002*lighting,
22,0.004*gender + 0.003*focuses + 0.003*french + 0.003*highlighted + 0.002*degrees + 0.002*tissue + 0.002*basis + 0.002*semantic + 0.002*soms + 0.002*evaluate,
23,0.003*rehabilitation + 0.003*correction + 0.003*fluorescence + 0.002*learning + 0.002*diffusion + 0.002*aerial + 0.002*detected + 0.002*root + 0.002*ontology + 0.002*sample,
24,0.003*affects + 0.002*components + 0.002*orthosis + 0.002*non + 0.002*search + 0.002*realize + 0.002*proposes + 0.002*contribution + 0.002*lobule + 0.002*beginning,
25,0.002*regulation + 0.002*tremor + 0.002*paradigm + 0.002*center + 0.002*enhancing + 0.002*ahah + 0.002*cnns + 0.002*surrounding + 0.002*crossing + 0.002*loops,
26,0.003*vinobot + 0.002*improving + 0.002*control + 0.002*systems + 0.002*content + 0.002*life + 0.002*collaborative + 0.002*produces + 0.002*surgical + 0.002*exist,
27,0.003*represents + 0.003*control + 0.003*novel + 0.002*enabling + 0.002*highest + 0.002*maintaining + 0.002*fleets + 0.002*experts + 0.002*impairments + 0.002*plate,
28,0.002*expanded + 0.002*rotation + 0.002*tracking + 0.002*predictive + 0.002*interoperability + 0.002*criterion + 0.002*control + 0.002*genetic + 0.002*move + 0.002*wall,
29,0.003*learning + 0.003*behaviours + 0.003*rigid + 0.003*microscale + 0.002*equations + 0.002*higher + 0.002*principles + 0.002*qualitative + 0.002*labor + 0.002*ended,
30,0.002*organizing + 0.002*basic + 0.002*emerging + 0.002*expert + 0.002*capture + 0.002*poly + 0.002*gate + 0.002*disability + 0.002*operative + 0.002*shared,
31,0.003*navigate + 0.003*circuit + 0.002*local + 0.002*investigating + 0.002*abiotic + 0.002*receptive + 0.002*layers + 0.002*maximum + 0.002*pre + 0.002*science,
32,0.002*pattern + 0.002*system + 0.002*realize + 0.002*data + 0.002*orientation + 0.002*studies + 0.002*controllable + 0.002*immune + 0.002*facilities + 0.002*description,
33,0.003*past + 0.002*purpose + 0.002*order + 0.002*smaller + 0.002*dynamics + 0.002*centered + 0.002*usability + 0.002*integrating + 0.002*perceptions + 0.002*phe,
34,0.002*biped + 0.002*emotions + 0.002*factor + 0.002*contamination + 0.002*clutch + 0.002*primitives + 0.002*employing + 0.002*segment + 0.002*movement + 0.002*operational,
35,0.002*complex + 0.002*modern + 0.002*background + 0.002*steering + 0.002*runtime + 0.002*surgery + 0.002*org + 0.002*self + 0.002*reports + 0.002*security,
36,0.002*emotions + 0.002*removed + 0.002*sets + 0.002*feedforward + 0.002*architecture + 0.002*symbolic + 0.002*genome + 0.002*linear + 0.002*point + 0.002*affective,
37,0.004*consortium + 0.002*architecture + 0.002*manipulating + 0.002*distinguish + 0.002*proof + 0.002*involve + 0.002*treated + 0.002*receptive + 0.002*arm + 0.002*control,
38,0.002*induced + 0.002*rays + 0.002*joints + 0.002*tvb + 0.002*neural + 0.002*artery + 0.002*methods + 0.002*organs + 0.002*microscopy + 0.002*background,
39,0.003*electrode + 0.002*fmri + 0.002*example + 0.002*systematic + 0.002*modularize + 0.002*scenarios + 0.002*observing + 0.002*collaborations + 0.002*easy + 0.002*heterogeneous,
40,0.003*details + 0.002*frame + 0.002*simulation + 0.002*terrain + 0.002*exploited + 0.002*source + 0.002*anatomical + 0.002*pervasive + 0.002*assistant + 0.002*advanced,
41,0.003*transmission + 0.003*molds + 0.002*opposed + 0.002*self + 0.002*opening + 0.002*facilitate + 0.002*companions + 0.002*solve + 0.002*layer + 0.002*congestion,
42,0.003*dedicated + 0.002*neurological + 0.002*generalize + 0.002*block + 0.002*diversity + 0.002*trajectory + 0.002*capabilities + 0.002*traffic + 0.002*approach + 0.002*measurement,
43,0.003*events + 0.002*comprises + 0.002*prostate + 0.002*extend + 0.002*chain + 0.002*robotic + 0.002*muscle + 0.002*basin + 0.002*activities + 0.002*cortical,
44,0.003*smooth + 0.003*electronic + 0.002*locomotion + 0.002*organizing + 0.002*abstraction + 0.002*refinement + 0.002*due + 0.002*active + 0.002*stimulus + 0.002*combustion,
45,0.002*indicates + 0.002*collection + 0.002*briefly + 0.002*confronted + 0.002*swing + 0.002*dual + 0.002*laboratories + 0.002*eye + 0.002*arena + 0.002*plate,
46,0.003*impaired + 0.003*ionic + 0.002*trade + 0.002*adaptive + 0.002*operators + 0.002*indicating + 0.002*neurons + 0.002*spreading + 0.002*rays + 0.002*models,
47,0.002*chronic + 0.002*nightstand + 0.002*glass + 0.002*disease + 0.002*functional + 0.002*neural + 0.002*walls + 0.002*assumed + 0.002*detect + 0.002*allowing,
48,0.003*reusability + 0.003*management + 0.002*exhibit + 0.002*abilities + 0.002*detail + 0.002*aer + 0.002*key + 0.002*priority + 0.002*home + 0.002*rate,
49,0.002*exists + 0.002*verify + 0.002*inertial + 0.002*disciplinary + 0.002*treatment + 0.002*printed + 0.002*data + 0.002*advance + 0.002*mutual + 0.002*reward,
50,0.003*controlling + 0.003*facial + 0.003*abdominal + 0.003*driven + 0.002*serves + 0.002*establishes + 0.002*subconscious + 0.002*conceptual + 0.002*limits + 0.002*rates,
51,0.004*daily + 0.003*properties + 0.003*perceptions + 0.003*objectives + 0.002*harvesting + 0.002*represented + 0.002*validate + 0.002*simple + 0.002*milling + 0.002*real,
52,0.003*pattern + 0.002*apparent + 0.002*aiming + 0.002*agvs + 0.002*produce + 0.002*teaching + 0.002*limb + 0.002*diffusion + 0.002*appropriate + 0.002*consequences,
53,0.003*base + 0.002*maintaining + 0.002*art + 0.002*holistic + 0.002*aerial + 0.002*neuro + 0.002*unstructured + 0.002*promoting + 0.002*arrays + 0.002*multiresolution,
54,0.002*construct + 0.002*vinobot + 0.002*wind + 0.002*exhibited + 0.002*aims + 0.002*expand + 0.002*zones + 0.002*whereas + 0.002*verification + 0.002*highlight,
55,0.004*subsystems + 0.004*transitions + 0.003*novelty + 0.003*keep + 0.003*instruments + 0.002*soft + 0.002*function + 0.002*chain + 0.002*hard + 0.002*rates,
56,0.003*groups + 0.002*promoting + 0.002*trajectories + 0.002*joints + 0.002*mechanics + 0.002*greater + 0.002*local + 0.002*mutual + 0.002*flexible + 0.002*positions,
57,0.002*hybrid + 0.002*structured + 0.002*reverse + 0.002*ensure + 0.002*surgical + 0.002*different + 0.002*administration + 0.002*resection + 0.002*mri + 0.002*exploits,
58,0.003*reduces + 0.003*intelligence + 0.002*improving + 0.002*flow + 0.002*allow + 0.002*program + 0.002*strain + 0.002*solution + 0.002*angle + 0.002*brief,
59,0.003*serve + 0.002*line + 0.002*behavioral + 0.002*find + 0.002*helping + 0.002*robotic + 0.002*communicate + 0.002*establish + 0.002*realize + 0.002*objective,
60,0.003*highlighting + 0.003*wheeled + 0.002*remains + 0.002*network + 0.002*angles + 0.002*companions + 0.002*signs + 0.002*chain + 0.002*nanorobots + 0.002*analyzing,
61,0.003*volunteers + 0.003*agent + 0.003*worlds + 0.003*robotic + 0.003*composition + 0.003*decision + 0.002*relationships + 0.002*expansion + 0.002*injection + 0.002*goal,
62,0.003*component + 0.003*setting + 0.002*need + 0.002*exploited + 0.002*include + 0.002*synapses + 0.002*disabled + 0.002*vertical + 0.002*layers + 0.002*gain,
63,0.002*insertion + 0.002*learn + 0.002*concentrations + 0.002*hospital + 0.002*transitions + 0.002*generated + 0.002*simpler + 0.002*located + 0.002*predictions + 0.002*optimal,
64,0.004*interpret + 0.002*extensive + 0.002*animatronic + 0.002*others + 0.002*assist + 0.002*total + 0.002*pump + 0.002*stabilizing + 0.002*disciplines + 0.002*controllable,
65,0.002*neural + 0.002*couple + 0.002*due + 0.002*association + 0.002*previous + 0.002*synthesis + 0.002*analysed + 0.002*uavs + 0.002*gland + 0.002*identifying,
66,0.002*physical + 0.002*virtual + 0.002*ramp + 0.002*room + 0.002*ease + 0.002*movement + 0.002*participate + 0.002*hand + 0.002*results + 0.002*floor,
67,0.003*tractography + 0.002*faults + 0.002*life + 0.002*classifier + 0.002*competition + 0.002*increase + 0.002*starts + 0.002*insect + 0.002*source + 0.002*code,
68,0.003*biomechanical + 0.003*air + 0.003*sample + 0.003*limitations + 0.002*choice + 0.002*feature + 0.002*sequential + 0.002*distributions + 0.002*potential + 0.002*policy,
69,0.003*protocol + 0.002*evolve + 0.002*technology + 0.002*combines + 0.002*cycles + 0.002*applications + 0.002*radical + 0.002*falling + 0.002*thermal + 0.002*university,
70,0.003*supervisory + 0.002*dof + 0.002*install + 0.002*dancing + 0.002*surgeons + 0.002*tensor + 0.002*consideration + 0.002*achieving + 0.002*assessment + 0.002*resulted,
71,0.003*china + 0.003*competitions + 0.003*identical + 0.003*imaging + 0.002*bottom + 0.002*manipulating + 0.002*mri + 0.002*displacement + 0.002*alpha + 0.002*outdoor,
72,0.002*abstract + 0.002*peripheral + 0.002*error + 0.002*plants + 0.002*radiation + 0.002*mechatronics + 0.002*origami + 0.002*tissue + 0.002*operative + 0.002*vital,
73,0.003*distinguish + 0.003*climbing + 0.003*therapy + 0.002*growing + 0.002*functionality + 0.002*executed + 0.002*adjustment + 0.002*serves + 0.002*consolidated + 0.002*organ,
74,0.003*acting + 0.002*thorough + 0.002*insect + 0.002*intent + 0.002*describe + 0.002*samples + 0.002*reinforcement + 0.002*modes + 0.002*evolve + 0.002*limb,
75,0.002*nanorobot + 0.002*recurrent + 0.002*monitor + 0.002*concrete + 0.002*frontal + 0.002*found + 0.002*arrays + 0.002*neglected + 0.002*allowed + 0.002*centralized,
76,0.003*consuming + 0.003*prostate + 0.003*limit + 0.002*fundamental + 0.002*tuning + 0.002*damage + 0.002*depth + 0.002*complementary + 0.002*fluid + 0.002*food,
77,0.003*swimming + 0.002*local + 0.002*system + 0.002*approach + 0.002*basal + 0.002*sequences + 0.002*autonomy + 0.002*processes + 0.002*powerful + 0.002*beating,
78,0.003*package + 0.003*ocular + 0.002*decompose + 0.002*analytical + 0.002*elbow + 0.002*survey + 0.002*wrist + 0.002*studied + 0.002*channels + 0.002*improved,
79,0.003*certain + 0.003*advantages + 0.003*due + 0.003*disparity + 0.002*reduction + 0.002*provided + 0.002*reverse + 0.002*test + 0.002*verify + 0.002*product,
80,0.003*proves + 0.003*refinement + 0.002*fed + 0.002*aim + 0.002*confirm + 0.002*correlation + 0.002*level + 0.002*root + 0.002*purchase + 0.002*decompose,
81,0.003*facilitates + 0.002*variables + 0.002*actual + 0.002*goals + 0.002*mri + 0.002*motivation + 0.002*statistics + 0.002*occurrence + 0.002*constructs + 0.002*elastomer,
82,0.004*layout + 0.002*regarding + 0.002*macroscopic + 0.002*mapping + 0.002*sizes + 0.002*step + 0.002*perceptions + 0.002*velocity + 0.002*algorithm + 0.002*learned,
83,0.003*face + 0.003*fail + 0.003*verified + 0.002*water + 0.002*uav + 0.002*adding + 0.002*food + 0.002*values + 0.002*capabilities + 0.002*collective,
84,0.004*describes + 0.003*robosimian + 0.003*enzymes + 0.002*epiduroscopic + 0.002*change + 0.002*body + 0.002*covers + 0.002*nonlinear + 0.002*navigate + 0.002*circuits,
85,0.003*loading + 0.003*course + 0.002*scheduling + 0.002*mixture + 0.002*encountered + 0.002*clinical + 0.002*breast + 0.002*agv + 0.002*faults + 0.002*dorsal,
86,0.002*constraints + 0.002*experiments + 0.002*instruments + 0.002*weights + 0.002*focusing + 0.002*monitor + 0.002*side + 0.002*delay + 0.002*nanorobot + 0.002*circuits,
87,0.003*targeted + 0.002*facial + 0.002*represented + 0.002*epiduroscopic + 0.002*minimum + 0.002*mosaic + 0.002*rigid + 0.002*plant + 0.002*filter + 0.002*rapid,
88,0.003*operation + 0.002*perceptual + 0.002*aware + 0.002*coordination + 0.002*approaching + 0.002*meaningful + 0.002*service + 0.002*neuromorphic + 0.002*spreading + 0.002*teleoperation,
89,0.003*intensive + 0.003*hence + 0.002*walk + 0.002*approximate + 0.002*top + 0.002*decades + 0.002*applied + 0.002*ramp + 0.002*semi + 0.002*building,
90,0.003*crouch + 0.003*focuses + 0.002*material + 0.002*dimensional + 0.002*spread + 0.002*simplest + 0.002*actuators + 0.002*units + 0.002*room + 0.002*computed,
91,0.002*consists + 0.002*ability + 0.002*reviewed + 0.002*security + 0.002*reverse + 0.002*proportional + 0.002*classes + 0.002*basal + 0.002*edupack + 0.002*robotics,
92,0.003*languages + 0.002*breast + 0.002*cues + 0.002*issues + 0.002*speeds + 0.002*considering + 0.002*proportional + 0.002*cumulative + 0.002*dataset + 0.002*negative,
93,0.003*allows + 0.002*auto + 0.002*compressive + 0.002*biomass + 0.002*biomechanics + 0.002*gradient + 0.002*effect + 0.002*achieve + 0.002*handle + 0.002*genomics,
94,0.003*suit + 0.003*analyzed + 0.002*object + 0.002*telescience + 0.002*square + 0.002*web + 0.002*mind + 0.002*creating + 0.002*diversity + 0.002*perform,
95,0.003*increases + 0.003*reflex + 0.003*human + 0.003*viscoelastic + 0.003*perform + 0.003*maintaining + 0.002*agent + 0.002*disciplines + 0.002*deformations + 0.002*localization,
96,0.003*ergonomics + 0.002*era + 0.002*gives + 0.002*server + 0.002*laboratories + 0.002*extreme + 0.002*assays + 0.002*partners + 0.002*algorithm + 0.002*middle,
97,0.002*treatment + 0.002*extraction + 0.002*amputees + 0.002*kind + 0.002*controllers + 0.002*loop + 0.002*previous + 0.002*occur + 0.002*aspect + 0.002*combining,
98,0.003*libraries + 0.003*semi + 0.002*strength + 0.002*sensitivity + 0.002*advanced + 0.002*integration + 0.002*hri + 0.002*nerve + 0.002*functionality + 0.002*locomotion,
99,0.003*contextual + 0.003*problem + 0.002*analyze + 0.002*robust + 0.002*adequate + 0.002*termed + 0.002*achieve + 0.002*reliability + 0.002*behaviour + 0.002*respect,
100,0.003*utilization + 0.003*ongoing + 0.003*emerged + 0.002*interactions + 0.002*unit + 0.002*angular + 0.002*include + 0.002*imaging + 0.002*strain + 0.002*observations,
101,0.003*observation + 0.003*refolding + 0.002*magnetic + 0.002*oriented + 0.002*usefulness + 0.002*fields + 0.002*flight + 0.002*actions + 0.002*aims + 0.002*refined,
102,0.003*modulated + 0.003*posture + 0.002*analogous + 0.002*cooperation + 0.002*nanorobot + 0.002*benchmark + 0.002*sensor + 0.002*spaces + 0.002*aerial + 0.002*reserved,
103,0.003*integrate + 0.002*temporal + 0.002*occurring + 0.002*explore + 0.002*stimulation + 0.002*approach + 0.002*joint + 0.002*agricultural + 0.002*phase + 0.002*provided,
104,0.003*thumb + 0.003*body + 0.002*station + 0.002*posture + 0.002*disabilities + 0.002*auv + 0.002*treatment + 0.002*investigation + 0.002*morphological + 0.002*tele,
105,0.003*error + 0.003*dimensional + 0.003*senior + 0.002*implemented + 0.002*rewards + 0.002*specific + 0.002*emotional + 0.002*dataset + 0.002*collective + 0.002*model,
106,0.003*implemented + 0.003*removed + 0.002*augment + 0.002*ionic + 0.002*ambient + 0.002*surveillance + 0.002*disparity + 0.002*line + 0.002*biomass + 0.002*masters,
107,0.003*rehabilitation + 0.002*ensemble + 0.002*obstacle + 0.002*usefulness + 0.002*options + 0.002*planetary + 0.002*system + 0.002*potential + 0.002*realization + 0.002*scenes,
108,0.002*future + 0.002*available + 0.002*discoveries + 0.002*blood + 0.002*evolving + 0.002*neurovascular + 0.002*spectrometry + 0.002*wireless + 0.002*concrete + 0.002*start,
109,0.003*expected + 0.002*contexts + 0.002*exploited + 0.002*generic + 0.002*robodoc + 0.002*animals + 0.002*measuring + 0.002*transfer + 0.002*cost + 0.002*nanorobots,
110,0.004*estimated + 0.002*actual + 0.002*lithography + 0.002*hospitals + 0.002*station + 0.002*cable + 0.002*influence + 0.002*sensors + 0.002*control + 0.002*side,
111,0.002*modularize + 0.002*distance + 0.002*markers + 0.002*recognizing + 0.002*missing + 0.002*lyapunov + 0.002*basal + 0.002*prosthesis + 0.002*objects + 0.002*autonomy,
112,0.004*achieves + 0.003*manual + 0.003*phase + 0.002*stationary + 0.002*bottom + 0.002*purpose + 0.002*neglected + 0.002*studying + 0.002*unique + 0.002*ergonomic,
113,0.003*attempting + 0.003*probe + 0.003*capture + 0.003*pedagogical + 0.002*deformable + 0.002*word + 0.002*repeatable + 0.002*implementation + 0.002*acceptability + 0.002*institute,
114,0.004*system + 0.003*confidence + 0.002*stimulation + 0.002*multiresolution + 0.002*collective + 0.002*transformation + 0.002*moves + 0.002*neurosurgery + 0.002*top + 0.002*phenotypic,
115,0.004*auv + 0.002*image + 0.002*nightstand + 0.002*welding + 0.002*programmed + 0.002*intuitive + 0.002*hybrid + 0.002*service + 0.002*plant + 0.002*delegation,
116,0.002*controlling + 0.002*vestibular + 0.002*lessons + 0.002*hardware + 0.002*accomplish + 0.002*shift + 0.002*master + 0.002*humanoid + 0.002*adaptability + 0.002*controller,
117,0.003*deploy + 0.002*foot + 0.002*programmable + 0.002*transfer + 0.002*decisions + 0.002*computer + 0.002*duration + 0.002*dynamic + 0.002*possibilities + 0.002*specific,
118,0.003*mirror + 0.003*navigate + 0.002*contemporary + 0.002*consisting + 0.002*collagen + 0.002*loss + 0.002*fluidic + 0.002*loop + 0.002*basis + 0.002*liquid,
119,0.004*prototyping + 0.003*important + 0.003*constitutes + 0.003*cope + 0.002*farmers + 0.002*transfer + 0.002*criterion + 0.002*property + 0.002*problems + 0.002*contemporary,
120,0.003*needed + 0.002*consequences + 0.002*indoor + 0.002*reproducing + 0.002*combined + 0.002*fingers + 0.002*foundation + 0.002*acceleration + 0.002*binocular + 0.002*cerebral,
121,0.003*absolute + 0.002*done + 0.002*cnn + 0.002*learns + 0.002*demonstrate + 0.002*improvement + 0.002*manner + 0.002*procedural + 0.002*milling + 0.002*fundamental,
122,0.003*extensions + 0.002*acquired + 0.002*artery + 0.002*assumed + 0.002*degradation + 0.002*best + 0.002*layer + 0.002*increases + 0.002*tolerance + 0.002*audio,
123,0.003*available + 0.002*system + 0.002*rna + 0.002*laboratories + 0.002*opposed + 0.002*notes + 0.002*passive + 0.002*workshop + 0.002*raw + 0.002*mimicking,
124,0.002*coarse + 0.002*biocompatibility + 0.002*relying + 0.002*addresses + 0.002*assess + 0.002*weed + 0.002*tongue + 0.002*reuse + 0.002*frames + 0.002*filling,
125,0.003*normal + 0.003*centralized + 0.002*reinforcement + 0.002*remote + 0.002*satisfy + 0.002*relies + 0.002*interconnected + 0.002*limits + 0.002*units + 0.002*ways,
126,0.002*modularize + 0.002*deformations + 0.002*model + 0.002*terrain + 0.002*observing + 0.002*aware + 0.002*confirmed + 0.002*possibility + 0.002*classes + 0.002*designed,
127,0.002*surrounding + 0.002*machines + 0.002*axes + 0.002*semi + 0.002*represents + 0.002*persons + 0.002*equation + 0.002*csvme + 0.002*clear + 0.002*benefit,
128,0.003*companions + 0.002*compute + 0.002*argue + 0.002*york + 0.002*collision + 0.002*partial + 0.002*scenarios + 0.002*digital + 0.002*integrated + 0.002*prove,
129,0.004*expected + 0.002*brain + 0.002*biomedical + 0.002*fluid + 0.002*acquiring + 0.002*radiation + 0.002*laparoscopic + 0.002*original + 0.002*ensembles + 0.002*mandates,
130,0.003*aid + 0.003*field + 0.002*effect + 0.002*drought + 0.002*communications + 0.002*nerve + 0.002*tower + 0.002*coordinate + 0.002*starting + 0.002*suggest,
131,0.003*participants + 0.003*language + 0.002*discussed + 0.002*ideal + 0.002*policies + 0.002*mechanical + 0.002*constructed + 0.002*haptic + 0.002*kalman + 0.002*maintaining,
132,0.003*affective + 0.003*examined + 0.002*path + 0.002*means + 0.002*flexible + 0.002*spinnaker + 0.002*thermal + 0.002*chosen + 0.002*represents + 0.002*mechanism,
133,0.003*showed + 0.003*vector + 0.002*natural + 0.002*approximation + 0.002*som + 0.002*wind + 0.002*electro + 0.002*neural + 0.002*surfaces + 0.002*correction,
134,0.003*combined + 0.003*coordination + 0.003*reproduction + 0.003*interventional + 0.002*responsible + 0.002*hard + 0.002*promoting + 0.002*computation + 0.002*achievable + 0.002*hri,
135,0.003*specialized + 0.003*situated + 0.002*becomes + 0.002*expressions + 0.002*targets + 0.002*organisms + 0.002*refined + 0.002*following + 0.002*ann + 0.002*teach,
136,0.003*deploy + 0.003*pieces + 0.002*reward + 0.002*survival + 0.002*equipped + 0.002*satisfaction + 0.002*ramp + 0.002*crouch + 0.002*subject + 0.002*route,
137,0.003*problem + 0.003*affect + 0.003*stochastic + 0.003*lpvf + 0.002*advantage + 0.002*insect + 0.002*interventional + 0.002*maps + 0.002*modulation + 0.002*goal,
138,0.002*obtained + 0.002*throughput + 0.002*approximate + 0.002*force + 0.002*beginning + 0.002*induce + 0.002*fuel + 0.002*benchmarks + 0.002*pyeloplasty + 0.002*contractility,
139,0.003*administration + 0.002*intelligent + 0.002*modifications + 0.002*reconfigure + 0.002*policies + 0.002*executed + 0.002*materials + 0.002*nanotubes + 0.002*enabling + 0.002*soft,
140,0.003*channels + 0.003*routine + 0.003*net + 0.003*matrix + 0.002*quantify + 0.002*enzymes + 0.002*candidate + 0.002*observable + 0.002*amount + 0.002*coordinated,
141,0.003*thin + 0.003*trajectory + 0.002*points + 0.002*minimum + 0.002*etc + 0.002*involving + 0.002*pendant + 0.002*substrates + 0.002*agreement + 0.002*traditional,
142,0.003*refolding + 0.002*actuation + 0.002*validation + 0.002*strategy + 0.002*criteria + 0.002*emulate + 0.002*blood + 0.002*rerc + 0.002*helps + 0.002*history,
143,0.003*distributed + 0.002*controllers + 0.002*smooth + 0.002*aspects + 0.002*walls + 0.002*combine + 0.002*opened + 0.002*operating + 0.002*laser + 0.002*channels,
144,0.003*maps + 0.003*findings + 0.002*buffer + 0.002*remaining + 0.002*inhabitant + 0.002*satisfactory + 0.002*segments + 0.002*wind + 0.002*examples + 0.002*curve,
145,0.004*tip + 0.003*conclude + 0.002*microgravity + 0.002*cerebellar + 0.002*movements + 0.002*ergonomics + 0.002*dual + 0.002*enhancing + 0.002*uav + 0.002*welding,
146,0.003*tms + 0.002*scanner + 0.002*directional + 0.002*term + 0.002*conditions + 0.002*servoing + 0.002*show + 0.002*gathering + 0.002*overall + 0.002*nanotubes,
147,0.003*generating + 0.003*majority + 0.002*forceps + 0.002*institute + 0.002*innovative + 0.002*exercises + 0.002*deviation + 0.002*representations + 0.002*mind + 0.002*coded,
148,0.002*flat + 0.002*takes + 0.002*decompose + 0.002*element + 0.002*technologies + 0.002*orientation + 0.002*hold + 0.002*reconfigure + 0.002*precision + 0.002*produced,
149,0.002*students + 0.002*self + 0.002*deployed + 0.002*avoiding + 0.002*tower + 0.002*multitude + 0.002*molecules + 0.002*multi + 0.002*estimate + 0.002*revealed,
